pact26-mini-initial-exp/llvm19-affine-tile/conversion/nussinov-3-after-inline.mlir:9:5: remark: tiling code is illegal due to dependences
    affine.for %arg3 = 0 to 60 {
    ^
pact26-mini-initial-exp/llvm19-affine-tile/conversion/nussinov-3-after-inline.mlir:9:5: note: see current operation: 
affine.for %arg3 = 0 to 60 {
  affine.for %arg4 = affine_map<(d0) -> (-d0 + 60)>(%arg3) to 60 {
    affine.if affine_set<(d0) : (d0 - 1 >= 0)>(%arg4) {
      %0 = affine.load %arg2[-%arg3 + 59, %arg4] : memref<?x60xi32>
      %1 = affine.load %arg2[-%arg3 + 59, %arg4 - 1] : memref<?x60xi32>
      %2 = arith.cmpi sge, %0, %1 : i32
      %3 = arith.select %2, %0, %1 : i32
      affine.store %3, %arg2[-%arg3 + 59, %arg4] : memref<?x60xi32>
    }
    affine.if affine_set<(d0) : (d0 - 1 >= 0)>(%arg3) {
      %0 = affine.load %arg2[-%arg3 + 59, %arg4] : memref<?x60xi32>
      %1 = affine.load %arg2[-%arg3 + 60, %arg4] : memref<?x60xi32>
      %2 = arith.cmpi sge, %0, %1 : i32
      %3 = arith.select %2, %0, %1 : i32
      affine.store %3, %arg2[-%arg3 + 59, %arg4] : memref<?x60xi32>
    }
    affine.if affine_set<(d0, d1) : (d0 - 1 >= 0, d1 - 1 >= 0)>(%arg4, %arg3) {
      affine.if affine_set<(d0, d1) : (d0 + d1 - 61 >= 0)>(%arg3, %arg4) {
        %0 = affine.load %arg2[-%arg3 + 59, %arg4] : memref<?x60xi32>
        %1 = affine.load %arg2[-%arg3 + 60, %arg4 - 1] : memref<?x60xi32>
        %2 = affine.load %arg1[-%arg3 + 59] : memref<?xi32>
        %3 = affine.load %arg1[%arg4] : memref<?xi32>
        %4 = arith.addi %2, %3 : i32
        %5 = arith.cmpi eq, %4, %c3_i32 : i32
        %6 = arith.extui %5 : i1 to i32
        %7 = arith.addi %1, %6 : i32
        %8 = arith.cmpi sge, %0, %7 : i32
        %9 = arith.select %8, %0, %7 : i32
        affine.store %9, %arg2[-%arg3 + 59, %arg4] : memref<?x60xi32>
      } else {
        %0 = affine.load %arg2[-%arg3 + 59, %arg4] : memref<?x60xi32>
        %1 = affine.load %arg2[-%arg3 + 60, %arg4 - 1] : memref<?x60xi32>
        %2 = arith.cmpi sge, %0, %1 : i32
        %3 = arith.select %2, %0, %1 : i32
        affine.store %3, %arg2[-%arg3 + 59, %arg4] : memref<?x60xi32>
      }
    }
    affine.for %arg5 = affine_map<(d0) -> (-d0 + 60)>(%arg3) to affine_map<(d0) -> (d0)>(%arg4) {
      %0 = affine.load %arg2[-%arg3 + 59, %arg4] : memref<?x60xi32>
      %1 = affine.load %arg2[-%arg3 + 59, %arg5] : memref<?x60xi32>
      %2 = affine.load %arg2[%arg5 + 1, %arg4] : memref<?x60xi32>
      %3 = arith.addi %1, %2 : i32
      %4 = arith.cmpi sge, %0, %3 : i32
      %5 = arith.select %4, %0, %3 : i32
      affine.store %5, %arg2[-%arg3 + 59, %arg4] : memref<?x60xi32>
    }
  }
}
